this is a test log
